[!p[2J[H[8;10;80t[?7h[4l[?6l[?5l[3g[9GH[17GH[25GH[33GH[41GH[49GH[57GH[65GH[73GH[0m[1;1H[31mLine 1 Red[39m                                                                      [2;1H          [32mLine 2 Green[39m                                                          [3;1H                      [33mLine 3 Yellow[39m                                             [4;1H                                   [34mLine 4 Blue[39m                                  [5;1H                                              [35mLine 5 Magenta[39m                    [0m[6;61H[?25h