should match the snapshot (full):
  1: |
    apiVersion: rbac.authorization.k8s.io/v1
    kind: ClusterRole
    metadata:
      name: RELEASE-NAME-tbot-spiffe-daemon-set
    rules:
    - apiGroups:
      - ""
      resources:
      - pods
      - nodes
      - nodes/proxy
      verbs:
      - get
should match the snapshot (simple):
  1: |
    apiVersion: rbac.authorization.k8s.io/v1
    kind: ClusterRole
    metadata:
      name: RELEASE-NAME-tbot-spiffe-daemon-set
    rules:
    - apiGroups:
      - ""
      resources:
      - pods
      - nodes
      - nodes/proxy
      verbs:
      - get
