should be possible to add custom annotations:
  1: |
    apiVersion: v1
    kind: Service
    metadata:
      annotations:
        my-custom-annotation: my-custom-value
      name: RELEASE-NAME-teleport-plugin-jira
    spec:
      ports:
      - name: https
        port: 443
        targetPort: 8443
      selector:
        app.kubernetes.io/instance: RELEASE-NAME
        app.kubernetes.io/name: teleport-plugin-jira
      type: LoadBalancer
