[Unit]
Description=Teleport Service
After=network.target

[Service]
Type=simple
Restart=always
RestartSec=5
EnvironmentFile=-/custom/env/dir/teleport
ExecStart=/custom/install/dir/teleport start --config /etc/teleport.yaml --pid-file=/custom/pid/dir/teleport.pid
# systemd before 239 needs an absolute path
ExecReload=/bin/sh -c "exec pkill -HUP -L -F /custom/pid/dir/teleport.pid"
PIDFile=/custom/pid/dir/teleport.pid
LimitNOFILE=16384

[Install]
WantedBy=multi-user.target
