should match the snapshot (full):
  1: |
    apiVersion: v1
    data:
      teleport.yaml: |-
        auth_service:
          enabled: false
        foo_service:
          bar: baz
        proxy_service:
          enabled: false
        relay_service:
          enabled: true
          peer_listen_addr: 0.0.0.0:3041
          public_hostnames:
          - b
          relay_group: a
          target_connection_count: 3
          transport_listen_addr: 0.0.0.0:3040
          transport_proxy_protocol: true
          tunnel_listen_addr: 0.0.0.0:3042
          tunnel_proxy_protocol: true
        ssh_service:
          enabled: false
        teleport:
          diag_addr: 0.0.0.0:3000
          join_params:
            method: d
            token_name: /etc/teleport-secrets/auth-token
          log:
            format:
              output: json
            severity: INFO
          proxy_server: c
        version: v3
    kind: ConfigMap
    metadata:
      annotations:
        q: r
        s: "4"
      labels:
        app.kubernetes.io/instance: RELEASE-NAME
        app.kubernetes.io/managed-by: Helm
        app.kubernetes.io/name: teleport-relay
        app.kubernetes.io/version: 19.0.0-dev
        helm.sh/chart: teleport-relay-19.0.0-dev
        q: r
        s: "4"
      name: RELEASE-NAME-teleport-relay
should match the snapshot (simple):
  1: |
    apiVersion: v1
    data:
      teleport.yaml: |-
        auth_service:
          enabled: false
        proxy_service:
          enabled: false
        relay_service:
          enabled: true
          peer_listen_addr: 0.0.0.0:3041
          public_hostnames:
          - e
          relay_group: d
          target_connection_count: 2
          transport_listen_addr: 0.0.0.0:3040
          tunnel_listen_addr: 0.0.0.0:3042
        ssh_service:
          enabled: false
        teleport:
          diag_addr: 0.0.0.0:3000
          join_params:
            method: b
            token_name: /etc/teleport-secrets/auth-token
          log:
            format:
              output: json
            severity: INFO
          proxy_server: c
          shutdown_delay: 30s
        version: v3
    kind: ConfigMap
    metadata:
      labels:
        app.kubernetes.io/instance: RELEASE-NAME
        app.kubernetes.io/managed-by: Helm
        app.kubernetes.io/name: teleport-relay
        app.kubernetes.io/version: 19.0.0-dev
        helm.sh/chart: teleport-relay-19.0.0-dev
      name: RELEASE-NAME-teleport-relay
