adds operator permissions to ClusterRole:
  1: |
    apiVersion: rbac.authorization.k8s.io/v1
    kind: ClusterRole
    metadata:
      labels:
        app.kubernetes.io/component: auth
        app.kubernetes.io/instance: RELEASE-NAME
        app.kubernetes.io/managed-by: Helm
        app.kubernetes.io/name: teleport-cluster
        app.kubernetes.io/version: 17.3.1
        helm.sh/chart: teleport-cluster-17.3.1
        teleport.dev/majorVersion: "17"
      name: RELEASE-NAME
    rules:
    - apiGroups:
      - ""
      resources:
      - users
      - groups
      - serviceaccounts
      verbs:
      - impersonate
    - apiGroups:
      - ""
      resources:
      - pods
      verbs:
      - get
    - apiGroups:
      - authorization.k8s.io
      resources:
      - selfsubjectaccessreviews
      verbs:
      - create
