should create app token if review.enabled is true:
  1: |
    apiVersion: v1
    data:
      slackToken: null
    kind: Secret
    metadata:
      name: RELEASE-NAME-teleport-plugin-slack-secret
    type: Opaque
  2: |
    apiVersion: v1
    data:
      slackAppToken: dGVzdC1hcHAtdG9rZW4=
    kind: Secret
    metadata:
      name: RELEASE-NAME-teleport-plugin-slack-app-token-secret
    type: Opaque
should create bot oauth token with api key:
  1: |
    apiVersion: v1
    data:
      slackToken: bXlzbGFja3Rva2Vu
    kind: Secret
    metadata:
      name: RELEASE-NAME-teleport-plugin-slack-secret
    type: Opaque
