should match the snapshot:
  1: |
    apiVersion: v1
    data:
      teleport-msteams.toml: |
        preload = true

        [teleport]
        addr = "teleport.example.com:1234"
        identity = "/var/lib/teleport/plugins/msteams/teleport-identity/auth_id"
        refresh_identity = true

        [msapi]
        app_id = "my-app-id"
        tenant_id = "my-tenant-id"
        teams_app_id = "my-teams-app-id"
        app_secret = "/var/lib/teleport/plugins/msteams/appSecret"

        [role_to_recipients]
        "*" = ["dev-access-requests"]
        "dev" = ["dev-access-requests","example-user@example.com"]

        [log]
        output = "/var/log/teleport-msteams.log"
        severity = "DEBUG"
    kind: ConfigMap
    metadata:
      labels:
        app.kubernetes.io/instance: RELEASE-NAME
        app.kubernetes.io/managed-by: Helm
        app.kubernetes.io/name: teleport-plugin-msteams
        app.kubernetes.io/version: 18.0.0-dev.fred-evm2.2
        helm.sh/chart: teleport-plugin-msteams-18.0.0-dev.fred-evm2.2
      name: RELEASE-NAME-teleport-plugin-msteams
