it should match the snapshot (custom):
  1: |
    apiVersion: v1
    data:
      tbot.yaml: |-
        onboarding:
          join_method: kubernetes
          token: foo
        outputs:
        - destination:
            path: /fuzz
            type: magic
          type: bar
        - destination:
            path: /buzz
            type: magic
          type: bar
        storage:
          name: RELEASE-NAME-tbot
          type: kubernetes_secret
        version: v2
        xyzzy: foo
        yxzyy: 17
    kind: ConfigMap
    metadata:
      name: RELEASE-NAME-tbot
      namespace: NAMESPACE
it should match the snapshot with tbotConfig as a string template (custom):
  1: |
    apiVersion: v1
    data:
      tbot.yaml: |-
        onboarding:
          join_method: kubernetes
          token: foo
        outputs:
        - destination:
            path: /fuzz
            type: magic
          type: bar
        - destination:
            path: /buzz
            type: magic
          type: bar
        storage:
          name: RELEASE-NAME-tbot
          type: kubernetes_secret
        version: v2
        xyzzy: foo
        yxzyy: 17
    kind: ConfigMap
    metadata:
      name: RELEASE-NAME-tbot
      namespace: NAMESPACE
should match the snapshot (full):
  1: |
    apiVersion: v1
    data:
      tbot.yaml: |-
        auth_server: my-auth:3024
        onboarding:
          join_method: modified-join-method
          token: my-token
        outputs:
        - destination:
            name: RELEASE-NAME-tbot-out
            type: kubernetes_secret
          type: identity
        - app_name: foo
          destination:
            path: /bar
            type: directory
          type: application
        services:
        - param: boo
          type: example-service
        storage:
          type: memory
        version: v2
    kind: ConfigMap
    metadata:
      annotations:
        test-key: test-annotation-config
      labels:
        test-key: test-label-config
      name: RELEASE-NAME-tbot
      namespace: NAMESPACE
should match the snapshot (simple):
  1: |
    apiVersion: v1
    data:
      tbot.yaml: |-
        onboarding:
          join_method: kubernetes
          token: my-token
        outputs:
        - destination:
            name: RELEASE-NAME-tbot-out
            type: kubernetes_secret
          type: identity
        proxy_server: test.teleport.sh:443
        storage:
          name: RELEASE-NAME-tbot
          type: kubernetes_secret
        version: v2
    kind: ConfigMap
    metadata:
      name: RELEASE-NAME-tbot
      namespace: NAMESPACE
