generate a admin cluster role binding when adminClusterRolebinding.create is true:
  1: |
    apiVersion: rbac.authorization.k8s.io/v1
    kind: ClusterRoleBinding
    metadata:
      name: admin-k8s-cluster-group
    roleRef:
      apiGroup: rbac.authorization.k8s.io
      kind: ClusterRole
      name: cluster-admin
    subjects:
    - apiGroup: rbac.authorization.k8s.io
      kind: Group
      name: cluster-admin
generate a admin cluster role binding when adminClusterRolebinding.create is true and adminClusterRolebinding.name is set:
  1: |
    apiVersion: rbac.authorization.k8s.io/v1
    kind: ClusterRoleBinding
    metadata:
      name: admin-k8s-cluster-group
    roleRef:
      apiGroup: rbac.authorization.k8s.io
      kind: ClusterRole
      name: cluster-admin
    subjects:
    - apiGroup: rbac.authorization.k8s.io
      kind: Group
      name: my-cluster-admin
