enables unhealthyPodEvictionPolicy automatically for k8s = 1.27:
  1: |
    apiVersion: policy/v1beta1
    kind: PodDisruptionBudget
    metadata:
      labels:
        app: RELEASE-NAME
      name: RELEASE-NAME
      namespace: NAMESPACE
    spec:
      minAvailable: 2
      selector:
        matchLabels:
          app: RELEASE-NAME
      unhealthyPodEvictionPolicy: AlwaysAllow
honors user-provided unhealthyPodEvictionPolicy:
  1: |
    apiVersion: policy/v1beta1
    kind: PodDisruptionBudget
    metadata:
      labels:
        app: RELEASE-NAME
      name: RELEASE-NAME
      namespace: NAMESPACE
    spec:
      minAvailable: 2
      selector:
        matchLabels:
          app: RELEASE-NAME
      unhealthyPodEvictionPolicy: IfHealthyBudget
omits unhealthyPodEvictionPolicy for k8s < 1.27:
  1: |
    apiVersion: policy/v1beta1
    kind: PodDisruptionBudget
    metadata:
      labels:
        app: RELEASE-NAME
      name: RELEASE-NAME
      namespace: NAMESPACE
    spec:
      minAvailable: 2
      selector:
        matchLabels:
          app: RELEASE-NAME
renders an explicit unhealthyPodEvictionPolicy on k8s < 1.27:
  1: |
    apiVersion: policy/v1beta1
    kind: PodDisruptionBudget
    metadata:
      labels:
        app: RELEASE-NAME
      name: RELEASE-NAME
      namespace: NAMESPACE
    spec:
      minAvailable: 2
      selector:
        matchLabels:
          app: RELEASE-NAME
      unhealthyPodEvictionPolicy: IfHealthyBudget
sets PodDisruptionBudget labels when specified:
  1: |
    apiVersion: policy/v1beta1
    kind: PodDisruptionBudget
    metadata:
      labels:
        app: RELEASE-NAME
        app.kubernetes.io/name: teleport-kube-agent
        resource: poddisruptionbudget
      name: RELEASE-NAME
      namespace: NAMESPACE
    spec:
      minAvailable: 2
      selector:
        matchLabels:
          app: RELEASE-NAME
should create a PDB when enabled in values (pdb.yaml):
  1: |
    apiVersion: policy/v1beta1
    kind: PodDisruptionBudget
    metadata:
      labels:
        app: RELEASE-NAME
      name: RELEASE-NAME
      namespace: NAMESPACE
    spec:
      minAvailable: 2
      selector:
        matchLabels:
          app: RELEASE-NAME
