// Jest Snapshot v1, https://goo.gl/fbAQLP

exports[`loaded state 1`] = `
.c0 {
  box-sizing: border-box;
  margin-bottom: 16px;
}

.c2 {
  box-sizing: border-box;
}

.c20 {
  box-sizing: border-box;
  width: 184px;
}

.c22 {
  line-height: 1.5;
  margin: 0;
  display: inline-flex;
  justify-content: center;
  align-items: center;
  box-sizing: border-box;
  border-style: solid;
  border-color: transparent;
  border-radius: 4px;
  cursor: pointer;
  font-family: inherit;
  font-weight: 600;
  outline: none;
  position: relative;
  text-align: center;
  text-decoration: none;
  transition: background-color 0.1s,border-color 0.1s,outline-color 0.1s,box-shadow 0.1s;
  -webkit-font-smoothing: antialiased;
  background-color: transparent;
  color: rgba(255, 255, 255, 0.54);
  border-color: rgba(255, 255, 255, 0.54);
  border-width: 1.5px;
  padding: 0 6.5px;
  min-height: 24px;
  font-size: 12px;
  line-height: 16px;
  letter-spacing: 0.15px;
  margin-left: 16px;
}

.c22:focus-visible,
.teleport-button__force-focus-visible .c22 {
  background-color: rgba(255,255,255,0.07);
  color: rgba(255, 255, 255, 0.72);
  border-color: rgba(255, 255, 255, 0.72);
  border-radius: 4px;
  outline: none;
}

.c22:hover,
.teleport-button__force-hover .c22 {
  background-color: rgba(255,255,255,0.13);
  border-color: transparent;
  color: #FFFFFF;
  box-shadow: none;
}

.c22:active,
.teleport-button__force-active .c22 {
  background-color: rgba(255,255,255,0.18);
  border-color: transparent;
  color: #FFFFFF;
}

.c22:disabled {
  background-color: rgba(255,255,255,0.07);
  color: rgba(255, 255, 255, 0.3);
  border-color: transparent;
  box-shadow: none;
  cursor: auto;
}

.c25 {
  line-height: 1.5;
  margin: 0;
  display: inline-flex;
  justify-content: center;
  align-items: center;
  box-sizing: border-box;
  border-style: solid;
  border-color: transparent;
  border-radius: 4px;
  cursor: pointer;
  font-family: inherit;
  font-weight: 600;
  outline: none;
  position: relative;
  text-align: center;
  text-decoration: none;
  transition: background-color 0.1s,border-color 0.1s,outline-color 0.1s,box-shadow 0.1s;
  -webkit-font-smoothing: antialiased;
  background-color: #9F85FF;
  color: #000000;
  border-color: transparent;
  border-width: 1.5px;
  padding: 0 6.5px;
  min-height: 24px;
  font-size: 12px;
  line-height: 16px;
  letter-spacing: 0.15px;
  width: 108px;
}

.c25:focus-visible,
.teleport-button__force-focus-visible .c25 {
  background-color: #9F85FF;
  color: #000000;
  border-color: #000000;
  border-radius: 2px;
  outline: 2px solid #9F85FF;
}

.c25:hover,
.teleport-button__force-hover .c25 {
  background-color: #B29DFF;
  border-color: transparent;
  color: #000000;
  box-shadow: 0px 3px 5px -1px rgba(0, 0, 0, 0.20),0px 5px 8px 0px rgba(0, 0, 0, 0.14),0px 1px 14px 0px rgba(0, 0, 0, 0.12);
}

.c25:active,
.teleport-button__force-active .c25 {
  background-color: #C5B6FF;
  border-color: transparent;
  color: #000000;
}

.c25:disabled {
  background-color: rgba(255,255,255,0.07);
  color: rgba(255, 255, 255, 0.3);
  border-color: transparent;
  box-shadow: none;
  cursor: auto;
}

.c29 {
  line-height: 1.5;
  margin: 0;
  display: inline-flex;
  justify-content: center;
  align-items: center;
  box-sizing: border-box;
  border-style: solid;
  border-color: transparent;
  border-radius: 4px;
  cursor: pointer;
  font-family: inherit;
  font-weight: 600;
  outline: none;
  position: relative;
  text-align: center;
  text-decoration: none;
  transition: background-color 0.1s,border-color 0.1s,outline-color 0.1s,box-shadow 0.1s;
  -webkit-font-smoothing: antialiased;
  background-color: #9F85FF;
  color: #000000;
  border-color: transparent;
  border-width: 1.5px;
  padding: 0 6.5px;
  min-height: 24px;
  font-size: 12px;
  line-height: 16px;
  letter-spacing: 0.15px;
}

.c29:focus-visible,
.teleport-button__force-focus-visible .c29 {
  background-color: #9F85FF;
  color: #000000;
  border-color: #000000;
  border-radius: 2px;
  outline: 2px solid #9F85FF;
}

.c29:hover,
.teleport-button__force-hover .c29 {
  background-color: #B29DFF;
  border-color: transparent;
  color: #000000;
  box-shadow: 0px 3px 5px -1px rgba(0, 0, 0, 0.20),0px 5px 8px 0px rgba(0, 0, 0, 0.14),0px 1px 14px 0px rgba(0, 0, 0, 0.12);
}

.c29:active,
.teleport-button__force-active .c29 {
  background-color: #C5B6FF;
  border-color: transparent;
  color: #000000;
}

.c29:disabled {
  background-color: rgba(255,255,255,0.07);
  color: rgba(255, 255, 255, 0.3);
  border-color: transparent;
  box-shadow: none;
  cursor: auto;
}

.c28 {
  align-items: center;
  border: none;
  cursor: pointer;
  display: flex;
  outline: none;
  border-radius: 50%;
  overflow: visible;
  justify-content: center;
  text-align: center;
  flex: 0 0 auto;
  background: transparent;
  color: inherit;
  transition: all 0.3s;
  -webkit-font-smoothing: antialiased;
  font-size: 16px;
  height: 32px;
  width: 32px;
}

.c28:disabled {
  color: rgba(255, 255, 255, 0.36);
  cursor: default;
}

.c28:not(:disabled):hover,
.c28:not(:disabled):focus {
  background: rgba(255,255,255,0.13);
}

.c28:not(:disabled):active {
  background: rgba(255,255,255,0.18);
}

.c15 {
  display: inline-flex;
  align-items: center;
  justify-content: center;
}

.c26 {
  display: inline-flex;
  align-items: center;
  justify-content: center;
  color: #00BFA6;
  margin-right: 4px;
  margin-left: -3px;
}

.c19 {
  box-sizing: border-box;
  border-radius: 10px;
  display: inline-block;
  font-size: 10px;
  font-weight: 500;
  padding: 0 8px;
  margin: 1px 0;
  vertical-align: middle;
  background-color: rgba(255,255,255,0.07);
  color: #FFFFFF;
  font-weight: 400;
  margin-bottom: 0;
  margin-right: 4px;
}

.c17 {
  box-sizing: border-box;
  border-radius: 100px;
  display: inline-flex;
  align-items: center;
  justify-content: center;
  min-height: 16px;
  line-height: 1.4;
  padding: 0 8px;
  font-size: 10px;
  font-weight: 500;
  text-transform: uppercase;
  margin-right: 8px;
  padding: 0;
  background: #FFAB00;
  color: #000000;
  width: 10px;
}

.c23 {
  box-sizing: border-box;
  border-radius: 100px;
  display: inline-flex;
  align-items: center;
  justify-content: center;
  min-height: 16px;
  line-height: 1.4;
  padding: 0 8px;
  font-size: 10px;
  font-weight: 500;
  text-transform: uppercase;
  margin-right: 8px;
  padding: 0;
  background: #FF6257;
  color: #000000;
  width: 10px;
}

.c24 {
  box-sizing: border-box;
  border-radius: 100px;
  display: inline-flex;
  align-items: center;
  justify-content: center;
  min-height: 16px;
  line-height: 1.4;
  padding: 0 8px;
  font-size: 10px;
  font-weight: 500;
  text-transform: uppercase;
  margin-right: 8px;
  padding: 0;
  background: #00BFA6;
  color: #000000;
  width: 10px;
}

.c4 {
  overflow: hidden;
  text-overflow: ellipsis;
  margin: 0;
}

.c18 {
  overflow: hidden;
  text-overflow: ellipsis;
  margin: 0;
  font-weight: 400;
  font-size: 12px;
  line-height: 16px;
}

.c1 {
  display: flex;
  gap: 16px;
}

.c8 {
  display: flex;
}

.c16 {
  display: flex;
  align-items: center;
}

.c21 {
  display: flex;
  align-items: center;
  justify-content: right;
}

.c14 {
  border-collapse: collapse;
  border-spacing: 0;
  border-style: hidden;
  font-size: 12px;
  width: 100%;
}

.c14>thead>tr>th,
.c14>tbody>tr>th,
.c14>tfoot>tr>th,
.c14>thead>tr>td,
.c14>tbody>tr>td,
.c14>tfoot>tr>td {
  padding: 8px 8px;
  vertical-align: middle;
}

.c14>thead>tr>th:first-child,
.c14>tbody>tr>th:first-child,
.c14>tfoot>tr>th:first-child,
.c14>thead>tr>td:first-child,
.c14>tbody>tr>td:first-child,
.c14>tfoot>tr>td:first-child {
  padding-left: 24px;
}

.c14>thead>tr>th:last-child,
.c14>tbody>tr>th:last-child,
.c14>tfoot>tr>th:last-child,
.c14>thead>tr>td:last-child,
.c14>tbody>tr>td:last-child,
.c14>tfoot>tr>td:last-child {
  padding-right: 24px;
}

.c14>tbody>tr>td {
  vertical-align: middle;
}

.c14>thead>tr>th {
  color: #FFFFFF;
  font-weight: 600;
  font-size: 14px;
  line-height: 24px;
  cursor: pointer;
  padding-bottom: 0;
  padding-top: 0;
  text-align: left;
  white-space: nowrap;
}

.c14>thead>tr>th svg {
  height: 12px;
}

.c14>tbody>tr>td {
  color: #FFFFFF;
  font-weight: 300;
  font-size: 14px;
  line-height: 20px;
  letter-spacing: 0.035px;
}

.c14 tbody tr {
  transition: all 150ms;
  position: relative;
  border-top: 2px solid rgba(255,255,255,0.07);
}

.c14 tbody tr:hover {
  border-top: 2px solid rgba(0,0,0,0);
  background-color: #222C59;
}

.c14 tbody tr:hover:after {
  box-shadow: 0px 1px 10px 0px rgba(0, 0, 0, 0.12),0px 4px 5px 0px rgba(0, 0, 0, 0.14),0px 2px 4px -1px rgba(0, 0, 0, 0.20);
  content: '';
  position: absolute;
  top: 0;
  left: 0;
  z-index: -1;
  width: 100%;
  height: 100%;
}

.c14 tbody tr:hover +tr {
  border-top: 2px solid rgba(0,0,0,0);
}

.c13 {
  position: relative;
  height: 100%;
  right: 0;
  display: flex;
  align-items: center;
  justify-content: center;
  border-radius: 0 200px 200px 0;
}

.c12 {
  position: absolute;
  height: 100%;
  right: 0;
  display: flex;
  align-items: center;
  justify-content: center;
  border-left: 1px solid rgba(255,255,255,0.07);
  border-radius: 0 200px 200px 0;
}

.c10 {
  position: relative;
  display: flex;
  overflow: hidden;
  border-radius: 200px;
  height: 100%;
  background: transparent;
  max-width: 725px;
}

.c9 {
  border-radius: 200px;
  width: 100%;
  height: 40px;
}

.c11 {
  border: none;
  outline: none;
  box-sizing: border-box;
  font-size: 14px;
  width: 100%;
  transition: all 0.2s;
  padding-left: 16px;
  padding-right: 16px;
  color: #FFFFFF;
  background: rgba(255,255,255,0.07);
  padding-right: 184px;
  padding-left: 24px;
}

.c3 {
  cursor: pointer;
  color: #FFFFFF;
  border-bottom: 2px solid #9F85FF;
}

.c6 {
  cursor: pointer;
  color: #FFFFFF;
  border-bottom: transparent;
}

.c5 {
  font-size: 14;
  font-weight: 600;
  line-height: 20px;
  color: #9F85FF;
}

.c7 {
  font-size: 14;
  font-weight: 400;
  line-height: 20px;
  color: #FFFFFF;
}

.c27 {
  margin: 0 auto;
}

<div>
  <div
    class="c0 c1"
  >
    <div
      class="c2 c3"
    >
      <div
        class="c4 c5"
      >
        All Requests
      </div>
    </div>
    <div
      class="c2 c6"
    >
      <div
        class="c4 c7"
      >
        My Requests
      </div>
    </div>
    <div
      class="c2 c6"
    >
      <div
        class="c4 c7"
      >
        Needs Review
      </div>
    </div>
    <div
      class="c2 c6"
    >
      <div
        class="c4 c7"
      >
        Reviewed
      </div>
    </div>
  </div>
  <form
    class="c0 c8"
  >
    <div
      class="c9"
    >
      <div
        class="c10"
      >
        <input
          class="c11"
          placeholder="Search..."
          value=""
        />
        <div
          class="c12"
        >
          <div
            class="c13"
          />
        </div>
      </div>
    </div>
  </form>
  <table
    class="c14"
  >
    <thead>
      <tr>
        <th
          style="cursor: default;"
        >
          Id
        </th>
        <th>
          <a
            style="display: flex; align-items: center;"
          >
            Status
            <span
              class="c15 icon icon-chevronsvertical"
              title="sort items"
            >
              <svg
                fill="currentColor"
                height="24"
                viewBox="0 0 24 24"
                width="24"
              >
                <path
                  d="M12.5303 2.46967C12.2374 2.17678 11.7626 2.17678 11.4697 2.46967L6.96967 6.96967C6.67678 7.26256 6.67678 7.73744 6.96967 8.03033C7.26256 8.32322 7.73744 8.32322 8.03033 8.03033L12 4.06066L15.9697 8.03033C16.2626 8.32322 16.7374 8.32322 17.0303 8.03033C17.3232 7.73744 17.3232 7.26256 17.0303 6.96967L12.5303 2.46967Z"
                />
                <path
                  d="M8.03033 15.9697C7.73744 15.6768 7.26256 15.6768 6.96967 15.9697C6.67678 16.2626 6.67678 16.7374 6.96967 17.0303L11.4697 21.5303C11.7626 21.8232 12.2374 21.8232 12.5303 21.5303L17.0303 17.0303C17.3232 16.7374 17.3232 16.2626 17.0303 15.9697C16.7374 15.6768 16.2626 15.6768 15.9697 15.9697L12 19.9393L8.03033 15.9697Z"
                />
              </svg>
            </span>
          </a>
        </th>
        <th>
          <a
            style="display: flex; align-items: center;"
          >
            User
            <span
              class="c15 icon icon-chevronsvertical"
              title="sort items"
            >
              <svg
                fill="currentColor"
                height="24"
                viewBox="0 0 24 24"
                width="24"
              >
                <path
                  d="M12.5303 2.46967C12.2374 2.17678 11.7626 2.17678 11.4697 2.46967L6.96967 6.96967C6.67678 7.26256 6.67678 7.73744 6.96967 8.03033C7.26256 8.32322 7.73744 8.32322 8.03033 8.03033L12 4.06066L15.9697 8.03033C16.2626 8.32322 16.7374 8.32322 17.0303 8.03033C17.3232 7.73744 17.3232 7.26256 17.0303 6.96967L12.5303 2.46967Z"
                />
                <path
                  d="M8.03033 15.9697C7.73744 15.6768 7.26256 15.6768 6.96967 15.9697C6.67678 16.2626 6.67678 16.7374 6.96967 17.0303L11.4697 21.5303C11.7626 21.8232 12.2374 21.8232 12.5303 21.5303L17.0303 17.0303C17.3232 16.7374 17.3232 16.2626 17.0303 15.9697C16.7374 15.6768 16.2626 15.6768 15.9697 15.9697L12 19.9393L8.03033 15.9697Z"
                />
              </svg>
            </span>
          </a>
        </th>
        <th
          style="cursor: default;"
        >
          Requested
        </th>
        <th>
          <a
            style="display: flex; align-items: center;"
          >
            Created
            <span
              class="c15 icon icon-chevronup"
              title="sort items asc"
            >
              <svg
                fill="currentColor"
                height="24"
                viewBox="0 0 24 24"
                width="24"
              >
                <path
                  clip-rule="evenodd"
                  d="M11.4697 6.96967C11.7626 6.67678 12.2374 6.67678 12.5303 6.96967L20.0303 14.4697C20.3232 14.7626 20.3232 15.2374 20.0303 15.5303C19.7374 15.8232 19.2626 15.8232 18.9697 15.5303L12 8.56066L5.03033 15.5303C4.73744 15.8232 4.26256 15.8232 3.96967 15.5303C3.67678 15.2374 3.67678 14.7626 3.96967 14.4697L11.4697 6.96967Z"
                  fill-rule="evenodd"
                />
              </svg>
            </span>
          </a>
        </th>
        <th>
          <a
            style="display: flex; align-items: center;"
          >
            Available
            <span
              class="c15 icon icon-chevronsvertical"
              title="sort items"
            >
              <svg
                fill="currentColor"
                height="24"
                viewBox="0 0 24 24"
                width="24"
              >
                <path
                  d="M12.5303 2.46967C12.2374 2.17678 11.7626 2.17678 11.4697 2.46967L6.96967 6.96967C6.67678 7.26256 6.67678 7.73744 6.96967 8.03033C7.26256 8.32322 7.73744 8.32322 8.03033 8.03033L12 4.06066L15.9697 8.03033C16.2626 8.32322 16.7374 8.32322 17.0303 8.03033C17.3232 7.73744 17.3232 7.26256 17.0303 6.96967L12.5303 2.46967Z"
                />
                <path
                  d="M8.03033 15.9697C7.73744 15.6768 7.26256 15.6768 6.96967 15.9697C6.67678 16.2626 6.67678 16.7374 6.96967 17.0303L11.4697 21.5303C11.7626 21.8232 12.2374 21.8232 12.5303 21.5303L17.0303 17.0303C17.3232 16.7374 17.3232 16.2626 17.0303 15.9697C16.7374 15.6768 16.2626 15.6768 15.9697 15.9697L12 19.9393L8.03033 15.9697Z"
                />
              </svg>
            </span>
          </a>
        </th>
        <th
          style="cursor: default;"
        >
          Expires
        </th>
        <th
          style="cursor: default;"
        />
      </tr>
    </thead>
    <tbody>
      <tr>
        <td
          style="max-width: 100px; white-space: nowrap; overflow: hidden; text-overflow: ellipsis;"
          title="461ff4bb-62f1-53b5-84ae-731022261a12"
        >
          61a12
        </td>
        <td>
          <div
            class="c2 c16"
          >
            <span
              class="c17"
              kind="warning"
              style="min-height: 10px;"
              width="10px"
            />
            <div
              class="c18"
            >
              PENDING
            </div>
          </div>
        </td>
        <td
          style="max-width: 100px; white-space: nowrap; overflow: hidden; text-overflow: ellipsis;"
          title="Sam"
        >
          Sam
        </td>
        <td>
          <div
            class="c19"
            kind="secondary"
          >
            app
            :
             
            app-name
          </div>
          <div
            class="c19"
            kind="secondary"
          >
            db
            :
             
            db-name
          </div>
          <div
            class="c19"
            kind="secondary"
          >
            node
            :
             
            node-name
          </div>
          <div
            class="c19"
            kind="secondary"
          >
            user_group
            :
             
            user-group-name
          </div>
          <div
            class="c19"
            kind="secondary"
          >
            kube_cluster
            :
             
            kube-cluster-name
          </div>
          <div
            class="c19"
            kind="secondary"
          >
            windows_desktop
            :
             
            windows-desktop-name
          </div>
          <div
            class="c19"
            kind="secondary"
          >
            app
            :
             
            Some Friendly Name
          </div>
        </td>
        <td
          width="120px"
        >
          1 minute ago
        </td>
        <td />
        <td
          width="120px"
        >
          1 hour
        </td>
        <td
          align="right"
          style="white-space: nowrap;"
        >
          <div
            class="c20 c21"
            width="184px"
          >
            <a
              class="c22"
              fill="border"
              href="/web/requests/461ff4bb-62f1-53b5-84ae-731022261a12"
              intent="neutral"
              ml="3"
            >
              View
            </a>
          </div>
        </td>
      </tr>
      <tr>
        <td
          style="max-width: 100px; white-space: nowrap; overflow: hidden; text-overflow: ellipsis;"
          title="461ff4bb-62f1-53b5-84ae-731022261a12"
        >
          61a12
        </td>
        <td>
          <div
            class="c2 c16"
          >
            <span
              class="c17"
              kind="warning"
              style="min-height: 10px;"
              width="10px"
            />
            <div
              class="c18"
            >
              PENDING
            </div>
          </div>
        </td>
        <td
          style="max-width: 100px; white-space: nowrap; overflow: hidden; text-overflow: ellipsis;"
          title="Sam"
        >
          Sam
        </td>
        <td>
          <div
            class="c19"
            kind="secondary"
          >
            role: 
            admin
          </div>
        </td>
        <td
          width="120px"
        >
          1 minute ago
        </td>
        <td>
          24 hours from now
        </td>
        <td
          width="120px"
        >
          2 hours
        </td>
        <td
          align="right"
          style="white-space: nowrap;"
        >
          <div
            class="c20 c21"
            width="184px"
          >
            <a
              class="c22"
              fill="border"
              href="/web/requests/461ff4bb-62f1-53b5-84ae-731022261a12"
              intent="neutral"
              ml="3"
            >
              View
            </a>
          </div>
        </td>
      </tr>
      <tr>
        <td
          style="max-width: 100px; white-space: nowrap; overflow: hidden; text-overflow: ellipsis;"
          title="3ce23da9-6b85-5fce-9bf3-5fb826120cb2"
        >
          20cb2
        </td>
        <td>
          <div
            class="c2 c16"
          >
            <span
              class="c23"
              kind="danger"
              style="min-height: 10px;"
              width="10px"
            />
            <div
              class="c18"
            >
              DENIED
            </div>
          </div>
        </td>
        <td
          style="max-width: 100px; white-space: nowrap; overflow: hidden; text-overflow: ellipsis;"
          title="Sam"
        >
          Sam
        </td>
        <td>
          <div
            class="c19"
            kind="secondary"
          >
            role: 
            admin
          </div>
          <div
            class="c19"
            kind="secondary"
          >
            role: 
            ruhh
          </div>
        </td>
        <td
          width="120px"
        >
          35 minutes ago
        </td>
        <td />
        <td
          width="120px"
        >
          1 hour
        </td>
        <td
          align="right"
          style="white-space: nowrap;"
        >
          <div
            class="c20 c21"
            width="184px"
          >
            <a
              class="c22"
              fill="border"
              href="/web/requests/3ce23da9-6b85-5fce-9bf3-5fb826120cb2"
              intent="neutral"
              ml="3"
            >
              View
            </a>
          </div>
        </td>
      </tr>
      <tr>
        <td
          style="max-width: 100px; white-space: nowrap; overflow: hidden; text-overflow: ellipsis;"
          title="72de9b90-04fd-5621-a55d-432d9fe56ef2"
        >
          56ef2
        </td>
        <td>
          <div
            class="c2 c16"
          >
            <span
              class="c24"
              kind="success"
              style="min-height: 10px;"
              width="10px"
            />
            <div
              class="c18"
            >
              APPROVED
            </div>
          </div>
        </td>
        <td
          style="max-width: 100px; white-space: nowrap; overflow: hidden; text-overflow: ellipsis;"
          title="Sam"
        >
          Sam
        </td>
        <td>
          <div
            class="c19"
            kind="secondary"
          >
            role: 
            admin
          </div>
          <div
            class="c19"
            kind="secondary"
          >
            role: 
            kaco
          </div>
          <div
            class="c19"
            kind="secondary"
          >
            role: 
            ziuzzow
          </div>
        </td>
        <td
          width="120px"
        >
          2 hours ago
        </td>
        <td />
        <td
          width="120px"
        >
          2 hours
        </td>
        <td
          align="right"
          style="white-space: nowrap;"
        >
          <div
            class="c20 c21"
            width="184px"
          >
            <button
              class="c25"
              fill="filled"
              width="108px"
            >
              assume roles
            </button>
            <a
              class="c22"
              fill="border"
              href="/web/requests/72de9b90-04fd-5621-a55d-432d9fe56ef2"
              intent="neutral"
              ml="3"
            >
              View
            </a>
          </div>
        </td>
      </tr>
      <tr>
        <td
          style="max-width: 100px; white-space: nowrap; overflow: hidden; text-overflow: ellipsis;"
          title="72de9b90-04fd-5621-a55d-432d9fe56ef2"
        >
          56ef2
        </td>
        <td>
          <div
            class="c2 c16"
          >
            <span
              class="c24"
              kind="success"
              style="min-height: 10px;"
              width="10px"
            />
            <div
              class="c18"
            >
              APPROVED
            </div>
          </div>
        </td>
        <td
          style="max-width: 100px; white-space: nowrap; overflow: hidden; text-overflow: ellipsis;"
          title="Sam"
        >
          Sam
        </td>
        <td>
          <div
            class="c19"
            kind="secondary"
          >
            role: 
            admin
          </div>
          <div
            class="c19"
            kind="secondary"
          >
            role: 
            kaco
          </div>
          <div
            class="c19"
            kind="secondary"
          >
            role: 
            ziuzzow
          </div>
        </td>
        <td
          width="120px"
        >
          2 hours ago
        </td>
        <td />
        <td
          width="120px"
        >
          2 hours
        </td>
        <td
          align="right"
          style="white-space: nowrap;"
        >
          <div
            class="c20 c21"
            width="184px"
          >
            <button
              class="c25"
              disabled=""
              fill="filled"
              width="108px"
            >
              assumed
            </button>
            <a
              class="c22"
              fill="border"
              href="/web/requests/72de9b90-04fd-5621-a55d-432d9fe56ef2"
              intent="neutral"
              ml="3"
            >
              View
            </a>
          </div>
        </td>
      </tr>
      <tr>
        <td
          style="max-width: 100px; white-space: nowrap; overflow: hidden; text-overflow: ellipsis;"
          title="72de9b90-04fd-5621-a55d-432d9fe56ef2"
        >
          56ef2
        </td>
        <td>
          <div
            class="c2 c16"
          >
            <span
              class="c26 icon icon-arrowfatlinesup"
              color="success.main"
            >
              <svg
                fill="currentColor"
                height="17"
                viewBox="0 0 24 24"
                width="17"
              >
                <path
                  clip-rule="evenodd"
                  d="M11.4697 1.71967C11.7626 1.42678 12.2375 1.42678 12.5304 1.71967L21.5304 10.7197C21.7449 10.9342 21.809 11.2568 21.6929 11.537C21.5768 11.8173 21.3034 12 21 12H17.25V14.25C17.25 14.6642 16.9142 15 16.5 15H7.50002C7.08581 15 6.75002 14.6642 6.75002 14.25V12H3.00002C2.69668 12 2.4232 11.8173 2.30711 11.537C2.19103 11.2568 2.25519 10.9342 2.46969 10.7197L11.4697 1.71967ZM4.81068 10.5H7.50002C7.91424 10.5 8.25002 10.8358 8.25002 11.25V13.5H15.75V11.25C15.75 10.8358 16.0858 10.5 16.5 10.5H19.1894L12 3.31066L4.81068 10.5Z"
                  fill-rule="evenodd"
                />
                <path
                  d="M6.75 20.25C6.75 19.8358 7.08579 19.5 7.5 19.5H16.5C16.9142 19.5 17.25 19.8358 17.25 20.25C17.25 20.6642 16.9142 21 16.5 21H7.5C7.08579 21 6.75 20.6642 6.75 20.25Z"
                />
                <path
                  d="M7.5 16.5C7.08579 16.5 6.75 16.8358 6.75 17.25C6.75 17.6642 7.08579 18 7.5 18H16.5C16.9142 18 17.25 17.6642 17.25 17.25C17.25 16.8358 16.9142 16.5 16.5 16.5H7.5Z"
                />
              </svg>
            </span>
            <div
              class="c18"
            >
              PROMOTED
            </div>
          </div>
        </td>
        <td
          style="max-width: 100px; white-space: nowrap; overflow: hidden; text-overflow: ellipsis;"
          title="Sam"
        >
          Sam
        </td>
        <td>
          <div
            class="c19"
            kind="secondary"
          >
            role: 
            admin
          </div>
          <div
            class="c19"
            kind="secondary"
          >
            role: 
            kaco
          </div>
          <div
            class="c19"
            kind="secondary"
          >
            role: 
            ziuzzow
          </div>
        </td>
        <td
          width="120px"
        >
          2 hours ago
        </td>
        <td />
        <td
          width="120px"
        />
        <td
          align="right"
          style="white-space: nowrap;"
        >
          <div
            class="c20 c21"
            width="184px"
          >
            <div
              class="c2 c27"
            >
              <button
                class="c28"
              >
                <span
                  class="c15 icon icon-info"
                >
                  <svg
                    fill="currentColor"
                    height="24"
                    viewBox="0 0 24 24"
                    width="24"
                  >
                    <path
                      d="M11.625 8.8125C12.1428 8.8125 12.5625 8.39277 12.5625 7.875C12.5625 7.35723 12.1428 6.9375 11.625 6.9375C11.1072 6.9375 10.6875 7.35723 10.6875 7.875C10.6875 8.39277 11.1072 8.8125 11.625 8.8125Z"
                    />
                    <path
                      d="M10.5 11.25C10.5 10.8358 10.8358 10.5 11.25 10.5C11.6478 10.5 12.0294 10.658 12.3107 10.9393C12.592 11.2206 12.75 11.6022 12.75 12V15.75C13.1642 15.75 13.5 16.0858 13.5 16.5C13.5 16.9142 13.1642 17.25 12.75 17.25C12.3522 17.25 11.9706 17.092 11.6893 16.8107C11.408 16.5294 11.25 16.1478 11.25 15.75V12C10.8358 12 10.5 11.6642 10.5 11.25Z"
                    />
                    <path
                      clip-rule="evenodd"
                      d="M12 2.25C6.61522 2.25 2.25 6.61522 2.25 12C2.25 17.3848 6.61522 21.75 12 21.75C17.3848 21.75 21.75 17.3848 21.75 12C21.75 6.61522 17.3848 2.25 12 2.25ZM3.75 12C3.75 7.44365 7.44365 3.75 12 3.75C16.5563 3.75 20.25 7.44365 20.25 12C20.25 16.5563 16.5563 20.25 12 20.25C7.44365 20.25 3.75 16.5563 3.75 12Z"
                      fill-rule="evenodd"
                    />
                  </svg>
                </span>
              </button>
            </div>
            <a
              class="c22"
              fill="border"
              href="/web/requests/72de9b90-04fd-5621-a55d-432d9fe56ef2"
              intent="neutral"
              ml="3"
            >
              View
            </a>
          </div>
        </td>
      </tr>
      <tr>
        <td
          style="max-width: 100px; white-space: nowrap; overflow: hidden; text-overflow: ellipsis;"
          title="72de9b90-04fd-5621-a55d-432d9fe56ef2"
        >
          56ef2
        </td>
        <td>
          <div
            class="c2 c16"
          >
            <span
              class="c26 icon icon-arrowfatlinesup"
              color="success.main"
            >
              <svg
                fill="currentColor"
                height="17"
                viewBox="0 0 24 24"
                width="17"
              >
                <path
                  clip-rule="evenodd"
                  d="M11.4697 1.71967C11.7626 1.42678 12.2375 1.42678 12.5304 1.71967L21.5304 10.7197C21.7449 10.9342 21.809 11.2568 21.6929 11.537C21.5768 11.8173 21.3034 12 21 12H17.25V14.25C17.25 14.6642 16.9142 15 16.5 15H7.50002C7.08581 15 6.75002 14.6642 6.75002 14.25V12H3.00002C2.69668 12 2.4232 11.8173 2.30711 11.537C2.19103 11.2568 2.25519 10.9342 2.46969 10.7197L11.4697 1.71967ZM4.81068 10.5H7.50002C7.91424 10.5 8.25002 10.8358 8.25002 11.25V13.5H15.75V11.25C15.75 10.8358 16.0858 10.5 16.5 10.5H19.1894L12 3.31066L4.81068 10.5Z"
                  fill-rule="evenodd"
                />
                <path
                  d="M6.75 20.25C6.75 19.8358 7.08579 19.5 7.5 19.5H16.5C16.9142 19.5 17.25 19.8358 17.25 20.25C17.25 20.6642 16.9142 21 16.5 21H7.5C7.08579 21 6.75 20.6642 6.75 20.25Z"
                />
                <path
                  d="M7.5 16.5C7.08579 16.5 6.75 16.8358 6.75 17.25C6.75 17.6642 7.08579 18 7.5 18H16.5C16.9142 18 17.25 17.6642 17.25 17.25C17.25 16.8358 16.9142 16.5 16.5 16.5H7.5Z"
                />
              </svg>
            </span>
            <div
              class="c18"
            >
              PROMOTED
            </div>
          </div>
        </td>
        <td
          style="max-width: 100px; white-space: nowrap; overflow: hidden; text-overflow: ellipsis;"
          title="Sam"
        >
          Sam
        </td>
        <td>
          <div
            class="c19"
            kind="secondary"
          >
            role: 
            admin
          </div>
          <div
            class="c19"
            kind="secondary"
          >
            role: 
            kaco
          </div>
          <div
            class="c19"
            kind="secondary"
          >
            role: 
            ziuzzow
          </div>
        </td>
        <td
          width="120px"
        >
          2 hours ago
        </td>
        <td />
        <td
          width="120px"
        />
        <td
          align="right"
          style="white-space: nowrap;"
        >
          <div
            class="c20 c21"
            width="184px"
          >
            <div
              class="c2 c27"
            >
              <button
                class="c28"
              >
                <span
                  class="c15 icon icon-info"
                >
                  <svg
                    fill="currentColor"
                    height="24"
                    viewBox="0 0 24 24"
                    width="24"
                  >
                    <path
                      d="M11.625 8.8125C12.1428 8.8125 12.5625 8.39277 12.5625 7.875C12.5625 7.35723 12.1428 6.9375 11.625 6.9375C11.1072 6.9375 10.6875 7.35723 10.6875 7.875C10.6875 8.39277 11.1072 8.8125 11.625 8.8125Z"
                    />
                    <path
                      d="M10.5 11.25C10.5 10.8358 10.8358 10.5 11.25 10.5C11.6478 10.5 12.0294 10.658 12.3107 10.9393C12.592 11.2206 12.75 11.6022 12.75 12V15.75C13.1642 15.75 13.5 16.0858 13.5 16.5C13.5 16.9142 13.1642 17.25 12.75 17.25C12.3522 17.25 11.9706 17.092 11.6893 16.8107C11.408 16.5294 11.25 16.1478 11.25 15.75V12C10.8358 12 10.5 11.6642 10.5 11.25Z"
                    />
                    <path
                      clip-rule="evenodd"
                      d="M12 2.25C6.61522 2.25 2.25 6.61522 2.25 12C2.25 17.3848 6.61522 21.75 12 21.75C17.3848 21.75 21.75 17.3848 21.75 12C21.75 6.61522 17.3848 2.25 12 2.25ZM3.75 12C3.75 7.44365 7.44365 3.75 12 3.75C16.5563 3.75 20.25 7.44365 20.25 12C20.25 16.5563 16.5563 20.25 12 20.25C7.44365 20.25 3.75 16.5563 3.75 12Z"
                      fill-rule="evenodd"
                    />
                  </svg>
                </span>
              </button>
            </div>
            <a
              class="c22"
              fill="border"
              href="/web/requests/72de9b90-04fd-5621-a55d-432d9fe56ef2"
              intent="neutral"
              ml="3"
            >
              View
            </a>
          </div>
        </td>
      </tr>
      <tr>
        <td
          style="max-width: 100px; white-space: nowrap; overflow: hidden; text-overflow: ellipsis;"
          title="72de9b90-04fd-5621-a55d-432d9fe56ef2"
        >
          56ef2
        </td>
        <td>
          <div
            class="c2 c16"
          >
            <span
              class="c24"
              kind="success"
              style="min-height: 10px;"
              width="10px"
            />
            <div
              class="c18"
            >
              APPROVED
            </div>
          </div>
        </td>
        <td
          style="max-width: 100px; white-space: nowrap; overflow: hidden; text-overflow: ellipsis;"
          title="Sam"
        >
          Sam
        </td>
        <td>
          <div
            class="c19"
            kind="secondary"
          >
            role: 
            admin
          </div>
          <div
            class="c19"
            kind="secondary"
          >
            role: 
            kaco
          </div>
          <div
            class="c19"
            kind="secondary"
          >
            role: 
            ziuzzow
          </div>
        </td>
        <td
          width="120px"
        >
          2 hours ago
        </td>
        <td>
          24 hours from now
        </td>
        <td
          width="120px"
        >
          2 hours
        </td>
        <td
          align="right"
          style="white-space: nowrap;"
        >
          <div
            class="c20 c21"
            width="184px"
          >
            <div
              class="c2 c8"
            >
              <button
                class="c29"
                disabled=""
                fill="filled"
              >
                Assume Roles
              </button>
            </div>
            <a
              class="c22"
              fill="border"
              href="/web/requests/72de9b90-04fd-5621-a55d-432d9fe56ef2"
              intent="neutral"
              ml="3"
            >
              View
            </a>
          </div>
        </td>
      </tr>
    </tbody>
  </table>
  <div />
</div>
`;
