<svg xmlns="http://www.w3.org/2000/svg" width="688" height="420" font-size="14" class="terminal"><rect width="100%" height="100%" class="bg-default"/><svg x="1.221%" y="2.000%"><text><tspan y="0.000%" dy="1em"><tspan x="0.000%" class="fg-2">Green in alt</tspan><tspan x="14.634%">                                                                    </tspan></tspan><tspan y="4.000%" dy="1em"><tspan x="0.000%"></tspan><tspan x="14.634%" class="u">Underlined alt</tspan><tspan x="31.707%">                                                      </tspan></tspan></text></svg></svg>