<svg xmlns="http://www.w3.org/2000/svg" width="691" height="420" font-size="14" class="terminal"><rect width="100%" height="100%" class="bg-default"/><svg x="8.4" y="8.4"><g shape-rendering="crispEdges"><rect x="160.1" y="67.2" width="8.4" height="16.8" class="bg-7"/></g><text><tspan y="0.0" dy="1em"><tspan x="0.0" class="fg-2">Green</tspan><tspan x="50.6" class="fg-2">in</tspan><tspan x="75.9" class="fg-2">alt</tspan></tspan><tspan y="16.8" dy="1em"><tspan x="101.1" class="u">Underlined</tspan><tspan x="193.8" class="u">alt</tspan></tspan><tspan y="67.2" dy="1em"></tspan></text></svg></svg>