<svg xmlns="http://www.w3.org/2000/svg" width="688" height="420" font-size="14" class="terminal"><rect width="100%" height="100%" class="bg-default"/><svg x="1.221%" y="2.000%"><text><tspan y="0.000%" dy="1em"><tspan x="0.000%">A        B         C                                                            </tspan></tspan></text></svg></svg>