<svg xmlns="http://www.w3.org/2000/svg" width="691" height="420" font-size="14" class="terminal"><rect width="100%" height="100%" class="bg-default"/><svg x="8.4" y="8.4"><g shape-rendering="crispEdges"><rect x="252.8" y="0.0" width="8.4" height="16.8" class="bg-7"/></g><text><tspan y="0.0" dy="1em"><tspan x="0.0">&lt;tag&gt;</tspan><tspan x="50.6">&amp;</tspan><tspan x="67.4">&quot;quotes&quot;</tspan><tspan x="143.3">&#39;apostrophes&#39;</tspan></tspan></text></svg></svg>